#
# There is insufficient memory for the Java Runtime Environment to continue.
# Native memory allocation (malloc) failed to allocate 1076960 bytes for Chunk::new
# Possible reasons:
#   The system is out of physical RAM or swap space
#   The process is running with CompressedOops enabled, and the Java Heap may be blocking the growth of the native heap
# Possible solutions:
#   Reduce memory load on the system
#   Increase physical memory or swap space
#   Check if swap backing store is full
#   Decrease Java heap size (-Xmx/-Xms)
#   Decrease number of Java threads
#   Decrease Java thread stack sizes (-Xss)
#   Set larger code cache with -XX:ReservedCodeCacheSize=
#   JVM is running with Unscaled Compressed Oops mode in which the Java heap is
#     placed in the first 4GB address space. The Java Heap base address is the
#     maximum limit for the native heap growth. Please use -XX:HeapBaseMinAddress
#     to set the Java Heap base and to place the Java Heap above 4GB virtual address.
# This output file may be truncated or incomplete.
#
#  Out of Memory Error (arena.cpp:189), pid=4252, tid=30596
#
# JRE version: Java(TM) SE Runtime Environment (17.0.12+8) (build 17.0.12+8-LTS-286)
# Java VM: Java HotSpot(TM) 64-Bit Server VM (17.0.12+8-LTS-286, mixed mode, sharing, tiered, compressed oops, compressed class ptrs, g1 gc, windows-amd64)
# No core dump will be written. Minidumps are not enabled by default on client versions of Windows
#

---------------  S U M M A R Y ------------

Command Line: -Dcom.sun.management.jmxremote -Dcom.sun.management.jmxremote.port=41428 -Dcom.sun.management.jmxremote.authenticate=false -Dcom.sun.management.jmxremote.ssl=false -Dspring.jmx.enabled=true -Djava.rmi.server.hostname=localhost -Dspring.application.admin.enabled=true -Dspring.boot.project.name=backend -XX:+ShowCodeDetailsInExceptionMessages com.profolio.backend.BackendApplication

Host: AMD Ryzen 5 5500U with Radeon Graphics         , 12 cores, 7G,  Windows 11 , 64 bit Build 26100 (10.0.26100.8875)
Time: Wed Jul 29 11:14:09 2026 Hora estándar central (México) elapsed time: 51945.599203 seconds (0d 14h 25m 45s)

---------------  T H R E A D  ---------------

Current thread (0x00000160bc108790):  JavaThread "C2 CompilerThread0" daemon [_thread_in_native, id=30596, stack(0x000000116f300000,0x000000116f400000)]


Current CompileTask:
C2:51945600 18342   !   4       java.util.Formatter::format (283 bytes)

Stack: [0x000000116f300000,0x000000116f400000]
Native frames: (J=compiled Java code, j=interpreted, Vv=VM code, C=native code)
V  [jvm.dll+0x67a04a]
V  [jvm.dll+0x7da4ed]
V  [jvm.dll+0x7dbe33]
V  [jvm.dll+0x7dc4a3]
V  [jvm.dll+0x24508f]
V  [jvm.dll+0xab773]
V  [jvm.dll+0xabd3c]
V  [jvm.dll+0x361bee]
V  [jvm.dll+0x32c431]
V  [jvm.dll+0x32b8ca]
V  [jvm.dll+0x21683f]
V  [jvm.dll+0x215c6f]
V  [jvm.dll+0x1a2960]
V  [jvm.dll+0x22610b]
V  [jvm.dll+0x2242ab]
V  [jvm.dll+0x79075c]
V  [jvm.dll+0x78abea]
V  [jvm.dll+0x678f35]
C  [ucrtbase.dll+0x2cd30]
C  [KERNEL32.DLL+0x2e957]
C  [ntdll.dll+0xaad6c]


---------------  P R O C E S S  ---------------

Threads class SMR info:
_java_thread_list=0x000001608452eea0, length=26, elements={
0x00000160bc0dd380, 0x00000160bc0df870, 0x00000160bc0fc240, 0x00000160bc0fc720,
0x00000160bc0fd770, 0x00000160bc1027d0, 0x00000160bc108790, 0x00000160bc108d60,
0x00000160bc115430, 0x00000160bcbd1330, 0x00000160bcbd0e20, 0x00000160bcbcf9e0,
0x00000160bcbd2770, 0x00000160bcbd2260, 0x00000160bcbcf4d0, 0x00000160ff7bc910,
0x00000160ff7c05d0, 0x00000160ff7bd330, 0x00000160ff7bf6a0, 0x00000160ff7c1500,
0x00000160863c73e0, 0x00000160bcb6f590, 0x0000016084062070, 0x00000160ff2e7b10,
0x00000160883a3730, 0x0000016084062a90
}

Java Threads: ( => current thread )
  0x00000160bc0dd380 JavaThread "Reference Handler" daemon [_thread_blocked, id=3116, stack(0x000000116ed00000,0x000000116ee00000)]
  0x00000160bc0df870 JavaThread "Finalizer" daemon [_thread_blocked, id=28048, stack(0x000000116ee00000,0x000000116ef00000)]
  0x00000160bc0fc240 JavaThread "Signal Dispatcher" daemon [_thread_blocked, id=24820, stack(0x000000116ef00000,0x000000116f000000)]
  0x00000160bc0fc720 JavaThread "Attach Listener" daemon [_thread_blocked, id=30248, stack(0x000000116f000000,0x000000116f100000)]
  0x00000160bc0fd770 JavaThread "Service Thread" daemon [_thread_blocked, id=6208, stack(0x000000116f100000,0x000000116f200000)]
  0x00000160bc1027d0 JavaThread "Monitor Deflation Thread" daemon [_thread_blocked, id=22560, stack(0x000000116f200000,0x000000116f300000)]
=>0x00000160bc108790 JavaThread "C2 CompilerThread0" daemon [_thread_in_native, id=30596, stack(0x000000116f300000,0x000000116f400000)]
  0x00000160bc108d60 JavaThread "C1 CompilerThread0" daemon [_thread_in_vm, id=1988, stack(0x000000116f400000,0x000000116f500000)]
  0x00000160bc115430 JavaThread "Sweeper thread" daemon [_thread_blocked, id=20364, stack(0x000000116f500000,0x000000116f600000)]
  0x00000160bcbd1330 JavaThread "Common-Cleaner" daemon [_thread_blocked, id=25960, stack(0x000000116f600000,0x000000116f700000)]
  0x00000160bcbd0e20 JavaThread "Notification Thread" daemon [_thread_blocked, id=10600, stack(0x000000116f700000,0x000000116f800000)]
  0x00000160bcbcf9e0 JavaThread "RMI TCP Accept-0" daemon [_thread_in_native, id=17628, stack(0x000000116f900000,0x000000116fa00000)]
  0x00000160bcbd2770 JavaThread "RMI TCP Accept-41428" daemon [_thread_in_native, id=15904, stack(0x000000116fa00000,0x000000116fb00000)]
  0x00000160bcbd2260 JavaThread "RMI TCP Accept-0" daemon [_thread_in_native, id=24700, stack(0x000000116fb00000,0x000000116fc00000)]
  0x00000160bcbcf4d0 JavaThread "mysql-cj-abandoned-connection-cleanup" daemon [_thread_blocked, id=20104, stack(0x0000001170900000,0x0000001170a00000)]
  0x00000160ff7bc910 JavaThread "DestroyJavaVM" [_thread_blocked, id=2500, stack(0x000000116e600000,0x000000116e700000)]
  0x00000160ff7c05d0 JavaThread "Thread-41" [_thread_blocked, id=21784, stack(0x000000116e300000,0x000000116e400000)]
  0x00000160ff7bd330 JavaThread "File Watcher" daemon [_thread_blocked, id=17292, stack(0x000000116f800000,0x000000116f900000)]
  0x00000160ff7bf6a0 JavaThread "File Watcher" daemon [_thread_blocked, id=21856, stack(0x0000001170600000,0x0000001170700000)]
  0x00000160ff7c1500 JavaThread "File Watcher" daemon [_thread_blocked, id=18084, stack(0x000000116e400000,0x000000116e500000)]
  0x00000160863c73e0 JavaThread "File Watcher" daemon [_thread_blocked, id=26800, stack(0x0000001170700000,0x0000001170800000)]
  0x00000160bcb6f590 JavaThread "File Watcher" daemon [_thread_blocked, id=1584, stack(0x000000116e500000,0x000000116e600000)]
  0x0000016084062070 JavaThread "File Watcher" daemon [_thread_blocked, id=29916, stack(0x0000001170c00000,0x0000001170d00000)]
  0x00000160ff2e7b10 JavaThread "File Watcher" daemon [_thread_blocked, id=8164, stack(0x0000001171200000,0x0000001171300000)]
  0x00000160883a3730 JavaThread "File Watcher" daemon [_thread_in_native, id=26184, stack(0x0000001170e00000,0x0000001170f00000)]
  0x0000016084062a90 JavaThread "restartedMain" [_thread_in_native, id=2120, stack(0x0000001171300000,0x0000001171400000)]

Other Threads:
  0x00000160bc0d8f60 VMThread "VM Thread" [stack: 0x000000116ec00000,0x000000116ed00000] [id=26536]
  0x000001609cc27370 WatcherThread [stack: 0x000000116fc00000,0x000000116fd00000] [id=10540]
  0x000001609cc07370 GCTaskThread "GC Thread#0" [stack: 0x000000116e700000,0x000000116e800000] [id=16884]
  0x00000160feced7c0 GCTaskThread "GC Thread#1" [stack: 0x000000116fd00000,0x000000116fe00000] [id=24292]
  0x00000160fed2e800 GCTaskThread "GC Thread#2" [stack: 0x000000116fe00000,0x000000116ff00000] [id=3200]
  0x00000160fed2eac0 GCTaskThread "GC Thread#3" [stack: 0x000000116ff00000,0x0000001170000000] [id=29716]
  0x00000160fed2ed80 GCTaskThread "GC Thread#4" [stack: 0x0000001170000000,0x0000001170100000] [id=836]
  0x00000160fed2f040 GCTaskThread "GC Thread#5" [stack: 0x0000001170100000,0x0000001170200000] [id=26784]
  0x00000160fed3f310 GCTaskThread "GC Thread#6" [stack: 0x0000001170200000,0x0000001170300000] [id=11856]
  0x00000160fed3f9e0 GCTaskThread "GC Thread#7" [stack: 0x0000001170300000,0x0000001170400000] [id=22928]
  0x00000160fed3fca0 GCTaskThread "GC Thread#8" [stack: 0x0000001170400000,0x0000001170500000] [id=25576]
  0x00000160fee32c50 GCTaskThread "GC Thread#9" [stack: 0x0000001170800000,0x0000001170900000] [id=16872]
  0x000001609cc16eb0 ConcurrentGCThread "G1 Main Marker" [stack: 0x000000116e800000,0x000000116e900000] [id=23692]
  0x000001609cc1b500 ConcurrentGCThread "G1 Conc#0" [stack: 0x000000116e900000,0x000000116ea00000] [id=12500]
  0x0000016084201f20 ConcurrentGCThread "G1 Conc#1" [stack: 0x0000001170a00000,0x0000001170b00000] [id=7408]
  0x00000160844aa850 ConcurrentGCThread "G1 Conc#2" [stack: 0x0000001170b00000,0x0000001170c00000] [id=9772]
  0x000001609cc5c7c0 ConcurrentGCThread "G1 Refine#0" [stack: 0x000000116ea00000,0x000000116eb00000] [id=3844]
  0x00000160feb6dce0 ConcurrentGCThread "G1 Refine#1" [stack: 0x0000001170500000,0x0000001170600000] [id=29672]
  0x00000160847f3a90 ConcurrentGCThread "G1 Refine#2" [stack: 0x0000001170d00000,0x0000001170e00000] [id=11788]
  0x000001609cc5cab0 ConcurrentGCThread "G1 Service" [stack: 0x000000116eb00000,0x000000116ec00000] [id=19608]

Threads with active compile tasks:
C2 CompilerThread0  51945674 18342   !   4       java.util.Formatter::format (283 bytes)

VM state: not at safepoint (normal execution)

VM Mutex/Monitor currently owned by a thread: None

Heap address: 0x000000008a400000, size: 1884 MB, Compressed Oops mode: 32-bit

CDS archive(s) mapped at: [0x00000160bd000000-0x00000160bdbd0000-0x00000160bdbd0000), size 12386304, SharedBaseAddress: 0x00000160bd000000, ArchiveRelocationMode: 1.
Compressed class space mapped at: 0x00000160be000000-0x00000160fe000000, reserved size: 1073741824
Narrow klass base: 0x00000160bd000000, Narrow klass shift: 0, Narrow klass range: 0x100000000

GC Precious Log:
 CPUs: 12 total, 12 available
 Memory: 7530M
 Large Page Support: Disabled
 NUMA Support: Disabled
 Compressed Oops: Enabled (32-bit)
 Heap Region Size: 1M
 Heap Min Capacity: 8M
 Heap Initial Capacity: 118M
 Heap Max Capacity: 1884M
 Pre-touch: Disabled
 Parallel Workers: 10
 Concurrent Workers: 3
 Concurrent Refinement Workers: 10
 Periodic GC: Disabled

Heap:
 garbage-first heap   total 184320K, used 119878K [0x000000008a400000, 0x0000000100000000)
  region size 1024K, 65 young (66560K), 2 survivors (2048K)
 Metaspace       used 108618K, committed 111744K, reserved 1179648K
  class space    used 14302K, committed 15040K, reserved 1048576K

Heap Regions: E=young(eden), S=young(survivor), O=old, HS=humongous(starts), HC=humongous(continues), CS=collection set, F=free, OA=open archive, CA=closed archive, TAMS=top-at-mark-start (previous, next)
|   0|0x000000008a400000, 0x000000008a500000, 0x000000008a500000|100%|HS|  |TAMS 0x000000008a500000, 0x000000008a400000| Complete 
|   1|0x000000008a500000, 0x000000008a5fffb8, 0x000000008a600000| 99%| O|  |TAMS 0x000000008a5fffb8, 0x000000008a500000| Untracked 
|   2|0x000000008a600000, 0x000000008a700000, 0x000000008a700000|100%| O|  |TAMS 0x000000008a700000, 0x000000008a600000| Untracked 
|   3|0x000000008a700000, 0x000000008a800000, 0x000000008a800000|100%| O|  |TAMS 0x000000008a800000, 0x000000008a700000| Untracked 
|   4|0x000000008a800000, 0x000000008a900000, 0x000000008a900000|100%| O|  |TAMS 0x000000008a900000, 0x000000008a800000| Untracked 
|   5|0x000000008a900000, 0x000000008a9ffff8, 0x000000008aa00000| 99%| O|  |TAMS 0x000000008a9ffff8, 0x000000008a900000| Untracked 
|   6|0x000000008aa00000, 0x000000008aafffc8, 0x000000008ab00000| 99%| O|  |TAMS 0x000000008aafffc8, 0x000000008aa00000| Untracked 
|   7|0x000000008ab00000, 0x000000008abffff8, 0x000000008ac00000| 99%| O|  |TAMS 0x000000008abffff8, 0x000000008ab00000| Untracked 
|   8|0x000000008ac00000, 0x000000008ad00000, 0x000000008ad00000|100%| O|  |TAMS 0x000000008ad00000, 0x000000008ac00000| Untracked 
|   9|0x000000008ad00000, 0x000000008adfffd0, 0x000000008ae00000| 99%| O|  |TAMS 0x000000008adfffd0, 0x000000008ad00000| Untracked 
|  10|0x000000008ae00000, 0x000000008aefffb8, 0x000000008af00000| 99%| O|  |TAMS 0x000000008aefffb8, 0x000000008ae00000| Untracked 
|  11|0x000000008af00000, 0x000000008affffc8, 0x000000008b000000| 99%| O|  |TAMS 0x000000008affffc8, 0x000000008af00000| Untracked 
|  12|0x000000008b000000, 0x000000008b0ffff0, 0x000000008b100000| 99%| O|  |TAMS 0x000000008b0ffff0, 0x000000008b000000| Untracked 
|  13|0x000000008b100000, 0x000000008b200000, 0x000000008b200000|100%| O|  |TAMS 0x000000008b200000, 0x000000008b100000| Untracked 
|  14|0x000000008b200000, 0x000000008b2fffe0, 0x000000008b300000| 99%| O|  |TAMS 0x000000008b2fffe0, 0x000000008b200000| Untracked 
|  15|0x000000008b300000, 0x000000008b3ffff8, 0x000000008b400000| 99%| O|  |TAMS 0x000000008b3ffff8, 0x000000008b300000| Untracked 
|  16|0x000000008b400000, 0x000000008b500000, 0x000000008b500000|100%| O|  |TAMS 0x000000008b500000, 0x000000008b400000| Untracked 
|  17|0x000000008b500000, 0x000000008b5ffff0, 0x000000008b600000| 99%| O|  |TAMS 0x000000008b5ffff0, 0x000000008b500000| Untracked 
|  18|0x000000008b600000, 0x000000008b6fffb0, 0x000000008b700000| 99%| O|  |TAMS 0x000000008b6fffb0, 0x000000008b600000| Untracked 
|  19|0x000000008b700000, 0x000000008b7fffd8, 0x000000008b800000| 99%| O|  |TAMS 0x000000008b7fffd8, 0x000000008b700000| Untracked 
|  20|0x000000008b800000, 0x000000008b8fff90, 0x000000008b900000| 99%| O|  |TAMS 0x000000008b8fff90, 0x000000008b800000| Untracked 
|  21|0x000000008b900000, 0x000000008ba00000, 0x000000008ba00000|100%| O|  |TAMS 0x000000008ba00000, 0x000000008b900000| Untracked 
|  22|0x000000008ba00000, 0x000000008ba00000, 0x000000008bb00000|  0%| F|  |TAMS 0x000000008ba00000, 0x000000008ba00000| Untracked 
|  23|0x000000008bb00000, 0x000000008bbd2200, 0x000000008bc00000| 82%| O|  |TAMS 0x000000008bbd2200, 0x000000008bb00000| Untracked 
|  24|0x000000008bc00000, 0x000000008bcfffa0, 0x000000008bd00000| 99%| O|  |TAMS 0x000000008bcfffa0, 0x000000008bc00000| Untracked 
|  25|0x000000008bd00000, 0x000000008bd00000, 0x000000008be00000|  0%| F|  |TAMS 0x000000008bd00000, 0x000000008bd00000| Untracked 
|  26|0x000000008be00000, 0x000000008bf00000, 0x000000008bf00000|100%| O|  |TAMS 0x000000008bf00000, 0x000000008be00000| Untracked 
|  27|0x000000008bf00000, 0x000000008c000000, 0x000000008c000000|100%| O|  |TAMS 0x000000008c000000, 0x000000008bf00000| Untracked 
|  28|0x000000008c000000, 0x000000008c0e1c00, 0x000000008c100000| 88%| O|  |TAMS 0x000000008c0e1c00, 0x000000008c000000| Untracked 
|  29|0x000000008c100000, 0x000000008c200000, 0x000000008c200000|100%| O|  |TAMS 0x000000008c200000, 0x000000008c100000| Untracked 
|  30|0x000000008c200000, 0x000000008c300000, 0x000000008c300000|100%| O|  |TAMS 0x000000008c300000, 0x000000008c200000| Untracked 
|  31|0x000000008c300000, 0x000000008c400000, 0x000000008c400000|100%| O|  |TAMS 0x000000008c400000, 0x000000008c300000| Untracked 
|  32|0x000000008c400000, 0x000000008c500000, 0x000000008c500000|100%| O|  |TAMS 0x000000008c500000, 0x000000008c400000| Untracked 
|  33|0x000000008c500000, 0x000000008c600000, 0x000000008c600000|100%| O|  |TAMS 0x000000008c500000, 0x000000008c500000| Untracked 
|  34|0x000000008c600000, 0x000000008c600000, 0x000000008c700000|  0%| F|  |TAMS 0x000000008c600000, 0x000000008c600000| Untracked 
|  35|0x000000008c700000, 0x000000008c800000, 0x000000008c800000|100%| O|  |TAMS 0x000000008c800000, 0x000000008c700000| Untracked 
|  36|0x000000008c800000, 0x000000008c900000, 0x000000008c900000|100%| O|  |TAMS 0x000000008c900000, 0x000000008c800000| Untracked 
|  37|0x000000008c900000, 0x000000008ca00000, 0x000000008ca00000|100%| O|  |TAMS 0x000000008c996600, 0x000000008c900000| Untracked 
|  38|0x000000008ca00000, 0x000000008cb00000, 0x000000008cb00000|100%| O|  |TAMS 0x000000008cb00000, 0x000000008ca00000| Untracked 
|  39|0x000000008cb00000, 0x000000008cc00000, 0x000000008cc00000|100%| O|  |TAMS 0x000000008cc00000, 0x000000008cb00000| Untracked 
|  40|0x000000008cc00000, 0x000000008cd00000, 0x000000008cd00000|100%| O|  |TAMS 0x000000008cd00000, 0x000000008cc00000| Untracked 
|  41|0x000000008cd00000, 0x000000008ce00000, 0x000000008ce00000|100%| O|  |TAMS 0x000000008ce00000, 0x000000008cd00000| Untracked 
|  42|0x000000008ce00000, 0x000000008cf00000, 0x000000008cf00000|100%| O|  |TAMS 0x000000008ce00000, 0x000000008ce00000| Untracked 
|  43|0x000000008cf00000, 0x000000008d000000, 0x000000008d000000|100%| O|  |TAMS 0x000000008cf00000, 0x000000008cf00000| Untracked 
|  44|0x000000008d000000, 0x000000008d100000, 0x000000008d100000|100%| O|  |TAMS 0x000000008d000000, 0x000000008d000000| Untracked 
|  45|0x000000008d100000, 0x000000008d200000, 0x000000008d200000|100%| O|  |TAMS 0x000000008d100000, 0x000000008d100000| Untracked 
|  46|0x000000008d200000, 0x000000008d300000, 0x000000008d300000|100%| O|  |TAMS 0x000000008d200000, 0x000000008d200000| Untracked 
|  47|0x000000008d300000, 0x000000008d400000, 0x000000008d400000|100%| O|  |TAMS 0x000000008d300000, 0x000000008d300000| Untracked 
|  48|0x000000008d400000, 0x000000008d500000, 0x000000008d500000|100%| O|  |TAMS 0x000000008d400000, 0x000000008d400000| Untracked 
|  49|0x000000008d500000, 0x000000008d600000, 0x000000008d600000|100%| O|  |TAMS 0x000000008d600000, 0x000000008d500000| Untracked 
|  50|0x000000008d600000, 0x000000008d700000, 0x000000008d700000|100%| O|  |TAMS 0x000000008d600000, 0x000000008d600000| Untracked 
|  51|0x000000008d700000, 0x000000008d800000, 0x000000008d800000|100%| O|  |TAMS 0x000000008d700000, 0x000000008d700000| Untracked 
|  52|0x000000008d800000, 0x000000008d8dde00, 0x000000008d900000| 86%| O|  |TAMS 0x000000008d800000, 0x000000008d800000| Untracked 
|  53|0x000000008d900000, 0x000000008d900000, 0x000000008da00000|  0%| F|  |TAMS 0x000000008d900000, 0x000000008d900000| Untracked 
|  54|0x000000008da00000, 0x000000008da00000, 0x000000008db00000|  0%| F|  |TAMS 0x000000008da00000, 0x000000008da00000| Untracked 
|  55|0x000000008db00000, 0x000000008dc00000, 0x000000008dc00000|100%| O|  |TAMS 0x000000008dc00000, 0x000000008db00000| Untracked 
|  56|0x000000008dc00000, 0x000000008dd00000, 0x000000008dd00000|100%| O|  |TAMS 0x000000008dd00000, 0x000000008dc00000| Untracked 
|  57|0x000000008dd00000, 0x000000008dd00000, 0x000000008de00000|  0%| F|  |TAMS 0x000000008dd00000, 0x000000008dd00000| Untracked 
|  58|0x000000008de00000, 0x000000008df00000, 0x000000008df00000|100%| O|  |TAMS 0x000000008df00000, 0x000000008de00000| Untracked 
|  59|0x000000008df00000, 0x000000008df00000, 0x000000008e000000|  0%| F|  |TAMS 0x000000008df00000, 0x000000008df00000| Untracked 
|  60|0x000000008e000000, 0x000000008e000000, 0x000000008e100000|  0%| F|  |TAMS 0x000000008e000000, 0x000000008e000000| Untracked 
|  61|0x000000008e100000, 0x000000008e100000, 0x000000008e200000|  0%| F|  |TAMS 0x000000008e100000, 0x000000008e100000| Untracked 
|  62|0x000000008e200000, 0x000000008e200000, 0x000000008e300000|  0%| F|  |TAMS 0x000000008e200000, 0x000000008e200000| Untracked 
|  63|0x000000008e300000, 0x000000008e300000, 0x000000008e400000|  0%| F|  |TAMS 0x000000008e300000, 0x000000008e300000| Untracked 
|  64|0x000000008e400000, 0x000000008e400000, 0x000000008e500000|  0%| F|  |TAMS 0x000000008e400000, 0x000000008e400000| Untracked 
|  65|0x000000008e500000, 0x000000008e500000, 0x000000008e600000|  0%| F|  |TAMS 0x000000008e500000, 0x000000008e500000| Untracked 
|  66|0x000000008e600000, 0x000000008e600000, 0x000000008e700000|  0%| F|  |TAMS 0x000000008e600000, 0x000000008e600000| Untracked 
|  67|0x000000008e700000, 0x000000008e700000, 0x000000008e800000|  0%| F|  |TAMS 0x000000008e700000, 0x000000008e700000| Untracked 
|  68|0x000000008e800000, 0x000000008e800000, 0x000000008e900000|  0%| F|  |TAMS 0x000000008e800000, 0x000000008e800000| Untracked 
|  69|0x000000008e900000, 0x000000008e900000, 0x000000008ea00000|  0%| F|  |TAMS 0x000000008e900000, 0x000000008e900000| Untracked 
|  70|0x000000008ea00000, 0x000000008ea00000, 0x000000008eb00000|  0%| F|  |TAMS 0x000000008ea00000, 0x000000008ea00000| Untracked 
|  71|0x000000008eb00000, 0x000000008eb00000, 0x000000008ec00000|  0%| F|  |TAMS 0x000000008eb00000, 0x000000008eb00000| Untracked 
|  72|0x000000008ec00000, 0x000000008ec00000, 0x000000008ed00000|  0%| F|  |TAMS 0x000000008ec00000, 0x000000008ec00000| Untracked 
|  73|0x000000008ed00000, 0x000000008ed00000, 0x000000008ee00000|  0%| F|  |TAMS 0x000000008ed00000, 0x000000008ed00000| Untracked 
|  74|0x000000008ee00000, 0x000000008ee00000, 0x000000008ef00000|  0%| F|  |TAMS 0x000000008ee00000, 0x000000008ee00000| Untracked 
|  75|0x000000008ef00000, 0x000000008ef00000, 0x000000008f000000|  0%| F|  |TAMS 0x000000008ef00000, 0x000000008ef00000| Untracked 
|  76|0x000000008f000000, 0x000000008f000000, 0x000000008f100000|  0%| F|  |TAMS 0x000000008f000000, 0x000000008f000000| Untracked 
|  77|0x000000008f100000, 0x000000008f100000, 0x000000008f200000|  0%| F|  |TAMS 0x000000008f100000, 0x000000008f100000| Untracked 
|  78|0x000000008f200000, 0x000000008f200000, 0x000000008f300000|  0%| F|  |TAMS 0x000000008f200000, 0x000000008f200000| Untracked 
|  79|0x000000008f300000, 0x000000008f400000, 0x000000008f400000|100%| O|  |TAMS 0x000000008f400000, 0x000000008f300000| Untracked 
|  80|0x000000008f400000, 0x000000008f500000, 0x000000008f500000|100%| O|  |TAMS 0x000000008f500000, 0x000000008f400000| Untracked 
|  81|0x000000008f500000, 0x000000008f500000, 0x000000008f600000|  0%| F|  |TAMS 0x000000008f500000, 0x000000008f500000| Untracked 
|  82|0x000000008f600000, 0x000000008f600000, 0x000000008f700000|  0%| F|  |TAMS 0x000000008f600000, 0x000000008f600000| Untracked 
|  83|0x000000008f700000, 0x000000008f700000, 0x000000008f800000|  0%| F|  |TAMS 0x000000008f700000, 0x000000008f700000| Untracked 
|  84|0x000000008f800000, 0x000000008f800000, 0x000000008f900000|  0%| F|  |TAMS 0x000000008f800000, 0x000000008f800000| Untracked 
|  85|0x000000008f900000, 0x000000008f900000, 0x000000008fa00000|  0%| F|  |TAMS 0x000000008f900000, 0x000000008f900000| Untracked 
|  86|0x000000008fa00000, 0x000000008fa00000, 0x000000008fb00000|  0%| F|  |TAMS 0x000000008fa00000, 0x000000008fa00000| Untracked 
|  87|0x000000008fb00000, 0x000000008fb00000, 0x000000008fc00000|  0%| F|  |TAMS 0x000000008fb00000, 0x000000008fb00000| Untracked 
|  88|0x000000008fc00000, 0x000000008fc00000, 0x000000008fd00000|  0%| F|  |TAMS 0x000000008fc00000, 0x000000008fc00000| Untracked 
|  89|0x000000008fd00000, 0x000000008fd00000, 0x000000008fe00000|  0%| F|  |TAMS 0x000000008fd00000, 0x000000008fd00000| Untracked 
|  90|0x000000008fe00000, 0x000000008fe00000, 0x000000008ff00000|  0%| F|  |TAMS 0x000000008fe00000, 0x000000008fe00000| Untracked 
|  91|0x000000008ff00000, 0x000000008ff00000, 0x0000000090000000|  0%| F|  |TAMS 0x000000008ff00000, 0x000000008ff00000| Untracked 
|  92|0x0000000090000000, 0x0000000090000000, 0x0000000090100000|  0%| F|  |TAMS 0x0000000090000000, 0x0000000090000000| Untracked 
|  93|0x0000000090100000, 0x0000000090100000, 0x0000000090200000|  0%| F|  |TAMS 0x0000000090100000, 0x0000000090100000| Untracked 
|  94|0x0000000090200000, 0x0000000090200000, 0x0000000090300000|  0%| F|  |TAMS 0x0000000090200000, 0x0000000090200000| Untracked 
|  95|0x0000000090300000, 0x0000000090300000, 0x0000000090400000|  0%| F|  |TAMS 0x0000000090300000, 0x0000000090300000| Untracked 
|  96|0x0000000090400000, 0x0000000090400000, 0x0000000090500000|  0%| F|  |TAMS 0x0000000090400000, 0x0000000090400000| Untracked 
|  97|0x0000000090500000, 0x0000000090500000, 0x0000000090600000|  0%| F|  |TAMS 0x0000000090500000, 0x0000000090500000| Untracked 
|  98|0x0000000090600000, 0x0000000090600000, 0x0000000090700000|  0%| F|  |TAMS 0x0000000090600000, 0x0000000090600000| Untracked 
|  99|0x0000000090700000, 0x0000000090700000, 0x0000000090800000|  0%| F|  |TAMS 0x0000000090700000, 0x0000000090700000| Untracked 
| 100|0x0000000090800000, 0x0000000090800000, 0x0000000090900000|  0%| F|  |TAMS 0x0000000090800000, 0x0000000090800000| Untracked 
| 101|0x0000000090900000, 0x0000000090900000, 0x0000000090a00000|  0%| F|  |TAMS 0x0000000090900000, 0x0000000090900000| Untracked 
| 102|0x0000000090a00000, 0x0000000090a00000, 0x0000000090b00000|  0%| F|  |TAMS 0x0000000090a00000, 0x0000000090a00000| Untracked 
| 103|0x0000000090b00000, 0x0000000090b00000, 0x0000000090c00000|  0%| F|  |TAMS 0x0000000090b00000, 0x0000000090b00000| Untracked 
| 104|0x0000000090c00000, 0x0000000090c00000, 0x0000000090d00000|  0%| F|  |TAMS 0x0000000090c00000, 0x0000000090c00000| Untracked 
| 105|0x0000000090d00000, 0x0000000090d00000, 0x0000000090e00000|  0%| F|  |TAMS 0x0000000090d00000, 0x0000000090d00000| Untracked 
| 106|0x0000000090e00000, 0x0000000090e00000, 0x0000000090f00000|  0%| F|  |TAMS 0x0000000090e00000, 0x0000000090e00000| Untracked 
| 107|0x0000000090f00000, 0x0000000090f00000, 0x0000000091000000|  0%| F|  |TAMS 0x0000000090f00000, 0x0000000090f00000| Untracked 
| 108|0x0000000091000000, 0x0000000091000000, 0x0000000091100000|  0%| F|  |TAMS 0x0000000091000000, 0x0000000091000000| Untracked 
| 109|0x0000000091100000, 0x0000000091100000, 0x0000000091200000|  0%| F|  |TAMS 0x0000000091100000, 0x0000000091100000| Untracked 
| 110|0x0000000091200000, 0x0000000091200000, 0x0000000091300000|  0%| F|  |TAMS 0x0000000091200000, 0x0000000091200000| Untracked 
| 111|0x0000000091300000, 0x0000000091300000, 0x0000000091400000|  0%| F|  |TAMS 0x0000000091300000, 0x0000000091300000| Untracked 
| 112|0x0000000091400000, 0x0000000091400000, 0x0000000091500000|  0%| F|  |TAMS 0x0000000091400000, 0x0000000091400000| Untracked 
| 113|0x0000000091500000, 0x0000000091500000, 0x0000000091600000|  0%| F|  |TAMS 0x0000000091500000, 0x0000000091500000| Untracked 
| 114|0x0000000091600000, 0x0000000091600000, 0x0000000091700000|  0%| F|  |TAMS 0x0000000091600000, 0x0000000091600000| Untracked 
| 115|0x0000000091700000, 0x0000000091800000, 0x0000000091800000|100%| E|  |TAMS 0x0000000091700000, 0x0000000091700000| Complete 
| 116|0x0000000091800000, 0x0000000091900000, 0x0000000091900000|100%| E|CS|TAMS 0x0000000091800000, 0x0000000091800000| Complete 
| 117|0x0000000091900000, 0x0000000091a00000, 0x0000000091a00000|100%| E|  |TAMS 0x0000000091900000, 0x0000000091900000| Complete 
| 118|0x0000000091a00000, 0x0000000091b00000, 0x0000000091b00000|100%| E|CS|TAMS 0x0000000091a00000, 0x0000000091a00000| Complete 
| 119|0x0000000091b00000, 0x0000000091c00000, 0x0000000091c00000|100%| E|CS|TAMS 0x0000000091b00000, 0x0000000091b00000| Complete 
| 120|0x0000000091c00000, 0x0000000091d00000, 0x0000000091d00000|100%| E|CS|TAMS 0x0000000091c00000, 0x0000000091c00000| Complete 
| 121|0x0000000091d00000, 0x0000000091e00000, 0x0000000091e00000|100%| E|CS|TAMS 0x0000000091d00000, 0x0000000091d00000| Complete 
| 122|0x0000000091e00000, 0x0000000091f00000, 0x0000000091f00000|100%| E|CS|TAMS 0x0000000091e00000, 0x0000000091e00000| Complete 
| 123|0x0000000091f00000, 0x0000000092000000, 0x0000000092000000|100%| E|CS|TAMS 0x0000000091f00000, 0x0000000091f00000| Complete 
| 124|0x0000000092000000, 0x0000000092100000, 0x0000000092100000|100%| E|CS|TAMS 0x0000000092000000, 0x0000000092000000| Complete 
| 125|0x0000000092100000, 0x0000000092200000, 0x0000000092200000|100%| E|CS|TAMS 0x0000000092100000, 0x0000000092100000| Complete 
| 126|0x0000000092200000, 0x0000000092300000, 0x0000000092300000|100%| E|CS|TAMS 0x0000000092200000, 0x0000000092200000| Complete 
| 127|0x0000000092300000, 0x0000000092400000, 0x0000000092400000|100%| E|CS|TAMS 0x0000000092300000, 0x0000000092300000| Complete 
| 128|0x0000000092400000, 0x0000000092500000, 0x0000000092500000|100%| E|CS|TAMS 0x0000000092400000, 0x0000000092400000| Complete 
| 129|0x0000000092500000, 0x0000000092600000, 0x0000000092600000|100%| E|CS|TAMS 0x0000000092500000, 0x0000000092500000| Complete 
| 130|0x0000000092600000, 0x0000000092700000, 0x0000000092700000|100%| E|CS|TAMS 0x0000000092600000, 0x0000000092600000| Complete 
| 131|0x0000000092700000, 0x0000000092800000, 0x0000000092800000|100%| E|CS|TAMS 0x0000000092700000, 0x0000000092700000| Complete 
| 132|0x0000000092800000, 0x0000000092900000, 0x0000000092900000|100%| E|CS|TAMS 0x0000000092800000, 0x0000000092800000| Complete 
| 133|0x0000000092900000, 0x0000000092a00000, 0x0000000092a00000|100%| E|CS|TAMS 0x0000000092900000, 0x0000000092900000| Complete 
| 134|0x0000000092a00000, 0x0000000092b00000, 0x0000000092b00000|100%| E|CS|TAMS 0x0000000092a00000, 0x0000000092a00000| Complete 
| 135|0x0000000092b00000, 0x0000000092c00000, 0x0000000092c00000|100%| E|CS|TAMS 0x0000000092b00000, 0x0000000092b00000| Complete 
| 136|0x0000000092c00000, 0x0000000092d00000, 0x0000000092d00000|100%| E|CS|TAMS 0x0000000092c00000, 0x0000000092c00000| Complete 
| 137|0x0000000092d00000, 0x0000000092e00000, 0x0000000092e00000|100%| E|CS|TAMS 0x0000000092d00000, 0x0000000092d00000| Complete 
| 138|0x0000000092e00000, 0x0000000092f00000, 0x0000000092f00000|100%| E|CS|TAMS 0x0000000092e00000, 0x0000000092e00000| Complete 
| 139|0x0000000092f00000, 0x0000000093000000, 0x0000000093000000|100%| E|CS|TAMS 0x0000000092f00000, 0x0000000092f00000| Complete 
| 140|0x0000000093000000, 0x0000000093100000, 0x0000000093100000|100%| E|CS|TAMS 0x0000000093000000, 0x0000000093000000| Complete 
| 141|0x0000000093100000, 0x0000000093200000, 0x0000000093200000|100%| E|CS|TAMS 0x0000000093100000, 0x0000000093100000| Complete 
| 142|0x0000000093200000, 0x0000000093300000, 0x0000000093300000|100%| E|CS|TAMS 0x0000000093200000, 0x0000000093200000| Complete 
| 143|0x0000000093300000, 0x0000000093400000, 0x0000000093400000|100%| E|CS|TAMS 0x0000000093300000, 0x0000000093300000| Complete 
| 144|0x0000000093400000, 0x0000000093500000, 0x0000000093500000|100%| E|CS|TAMS 0x0000000093400000, 0x0000000093400000| Complete 
| 145|0x0000000093500000, 0x0000000093600000, 0x0000000093600000|100%| E|CS|TAMS 0x0000000093500000, 0x0000000093500000| Complete 
| 146|0x0000000093600000, 0x0000000093700000, 0x0000000093700000|100%| E|CS|TAMS 0x0000000093600000, 0x0000000093600000| Complete 
| 147|0x0000000093700000, 0x0000000093800000, 0x0000000093800000|100%| E|CS|TAMS 0x0000000093700000, 0x0000000093700000| Complete 
| 148|0x0000000093800000, 0x0000000093900000, 0x0000000093900000|100%| E|CS|TAMS 0x0000000093800000, 0x0000000093800000| Complete 
| 149|0x0000000093900000, 0x0000000093a00000, 0x0000000093a00000|100%| E|CS|TAMS 0x0000000093900000, 0x0000000093900000| Complete 
| 150|0x0000000093a00000, 0x0000000093b00000, 0x0000000093b00000|100%| E|CS|TAMS 0x0000000093a00000, 0x0000000093a00000| Complete 
| 151|0x0000000093b00000, 0x0000000093c00000, 0x0000000093c00000|100%| E|CS|TAMS 0x0000000093b00000, 0x0000000093b00000| Complete 
| 152|0x0000000093c00000, 0x0000000093d00000, 0x0000000093d00000|100%| E|CS|TAMS 0x0000000093c00000, 0x0000000093c00000| Complete 
| 153|0x0000000093d00000, 0x0000000093e00000, 0x0000000093e00000|100%| E|CS|TAMS 0x0000000093d00000, 0x0000000093d00000| Complete 
| 154|0x0000000093e00000, 0x0000000093f00000, 0x0000000093f00000|100%| E|CS|TAMS 0x0000000093e00000, 0x0000000093e00000| Complete 
| 155|0x0000000093f00000, 0x0000000094000000, 0x0000000094000000|100%| E|CS|TAMS 0x0000000093f00000, 0x0000000093f00000| Complete 
| 156|0x0000000094000000, 0x0000000094100000, 0x0000000094100000|100%| E|CS|TAMS 0x0000000094000000, 0x0000000094000000| Complete 
| 157|0x0000000094100000, 0x0000000094200000, 0x0000000094200000|100%| E|CS|TAMS 0x0000000094100000, 0x0000000094100000| Complete 
| 158|0x0000000094200000, 0x0000000094300000, 0x0000000094300000|100%| E|CS|TAMS 0x0000000094200000, 0x0000000094200000| Complete 
| 159|0x0000000094300000, 0x0000000094400000, 0x0000000094400000|100%| E|CS|TAMS 0x0000000094300000, 0x0000000094300000| Complete 
| 160|0x0000000094400000, 0x0000000094500000, 0x0000000094500000|100%| E|CS|TAMS 0x0000000094400000, 0x0000000094400000| Complete 
| 161|0x0000000094500000, 0x0000000094600000, 0x0000000094600000|100%| E|CS|TAMS 0x0000000094500000, 0x0000000094500000| Complete 
| 162|0x0000000094600000, 0x0000000094700000, 0x0000000094700000|100%| E|CS|TAMS 0x0000000094600000, 0x0000000094600000| Complete 
| 163|0x0000000094700000, 0x0000000094800000, 0x0000000094800000|100%| E|CS|TAMS 0x0000000094700000, 0x0000000094700000| Complete 
| 164|0x0000000094800000, 0x0000000094900000, 0x0000000094900000|100%| E|CS|TAMS 0x0000000094800000, 0x0000000094800000| Complete 
| 165|0x0000000094900000, 0x0000000094a00000, 0x0000000094a00000|100%| E|CS|TAMS 0x0000000094900000, 0x0000000094900000| Complete 
| 166|0x0000000094a00000, 0x0000000094b00000, 0x0000000094b00000|100%| E|CS|TAMS 0x0000000094a00000, 0x0000000094a00000| Complete 
| 167|0x0000000094b00000, 0x0000000094c00000, 0x0000000094c00000|100%| E|CS|TAMS 0x0000000094b00000, 0x0000000094b00000| Complete 
| 168|0x0000000094c00000, 0x0000000094d00000, 0x0000000094d00000|100%| E|CS|TAMS 0x0000000094c00000, 0x0000000094c00000| Complete 
| 169|0x0000000094d00000, 0x0000000094e00000, 0x0000000094e00000|100%| E|CS|TAMS 0x0000000094d00000, 0x0000000094d00000| Complete 
| 170|0x0000000094e00000, 0x0000000094f00000, 0x0000000094f00000|100%| E|CS|TAMS 0x0000000094e00000, 0x0000000094e00000| Complete 
| 171|0x0000000094f00000, 0x0000000095000000, 0x0000000095000000|100%| E|CS|TAMS 0x0000000094f00000, 0x0000000094f00000| Complete 
| 172|0x0000000095000000, 0x0000000095100000, 0x0000000095100000|100%| E|CS|TAMS 0x0000000095000000, 0x0000000095000000| Complete 
| 173|0x0000000095100000, 0x0000000095200000, 0x0000000095200000|100%| E|CS|TAMS 0x0000000095100000, 0x0000000095100000| Complete 
| 174|0x0000000095200000, 0x0000000095300000, 0x0000000095300000|100%| E|CS|TAMS 0x0000000095200000, 0x0000000095200000| Complete 
| 175|0x0000000095300000, 0x0000000095400000, 0x0000000095400000|100%| E|CS|TAMS 0x0000000095300000, 0x0000000095300000| Complete 
| 176|0x0000000095400000, 0x0000000095500000, 0x0000000095500000|100%| E|CS|TAMS 0x0000000095400000, 0x0000000095400000| Complete 
| 177|0x0000000095500000, 0x000000009557ff70, 0x0000000095600000| 49%| S|CS|TAMS 0x0000000095500000, 0x0000000095500000| Complete 
| 178|0x0000000095600000, 0x0000000095700000, 0x0000000095700000|100%| S|CS|TAMS 0x0000000095600000, 0x0000000095600000| Complete 
| 368|0x00000000a1400000, 0x00000000a1500000, 0x00000000a1500000|100%| E|CS|TAMS 0x00000000a1400000, 0x00000000a1400000| Complete 

Card table byte_map: [0x00000160b5a50000,0x00000160b5e00000] _byte_map_base: 0x00000160b55fe000

Marking Bits (Prev, Next): (CMBitMap*) 0x000001609cc078e0, (CMBitMap*) 0x000001609cc078a0
 Prev Bits: [0x00000160b7f20000, 0x00000160b9c90000)
 Next Bits: [0x00000160b61b0000, 0x00000160b7f20000)

Polling page: 0x000001609c910000

Metaspace:

Usage:
  Non-class:     92.11 MB used.
      Class:     13.97 MB used.
       Both:    106.07 MB used.

Virtual space:
  Non-class space:      128.00 MB reserved,      94.44 MB ( 74%) committed,  2 nodes.
      Class space:        1.00 GB reserved,      14.69 MB (  1%) committed,  1 nodes.
             Both:        1.12 GB reserved,     109.12 MB (  9%) committed. 

Chunk freelists:
   Non-Class:  19.40 MB
       Class:  1.61 MB
        Both:  21.01 MB

MaxMetaspaceSize: unlimited
CompressedClassSpaceSize: 1.00 GB
Initial GC threshold: 21.00 MB
Current GC threshold: 185.88 MB
CDS: on
MetaspaceReclaimPolicy: balanced
 - commit_granule_bytes: 65536.
 - commit_granule_words: 8192.
 - virtual_space_node_default_size: 8388608.
 - enlarge_chunks_in_place: 1.
 - new_chunks_are_fully_committed: 0.
 - uncommit_free_chunks: 1.
 - use_allocation_guard: 0.
 - handle_deallocations: 1.


Internal statistics:

num_allocs_failed_limit: 9.
num_arena_births: 1734.
num_arena_deaths: 658.
num_vsnodes_births: 3.
num_vsnodes_deaths: 0.
num_space_committed: 1783.
num_space_uncommitted: 39.
num_chunks_returned_to_freelist: 1196.
num_chunks_taken_from_freelist: 6718.
num_chunk_merges: 312.
num_chunk_splits: 4256.
num_chunks_enlarged: 3050.
num_inconsistent_stats: 0.

CodeHeap 'non-profiled nmethods': size=120000Kb used=14106Kb max_used=14402Kb free=105893Kb
 bounds [0x00000160ad4f0000, 0x00000160ae310000, 0x00000160b4a20000]
CodeHeap 'profiled nmethods': size=120000Kb used=27251Kb max_used=28643Kb free=92748Kb
 bounds [0x00000160a5a20000, 0x00000160a7620000, 0x00000160acf50000]
CodeHeap 'non-nmethods': size=5760Kb used=1396Kb max_used=1472Kb free=4363Kb
 bounds [0x00000160acf50000, 0x00000160ad1c0000, 0x00000160ad4f0000]
 total_blobs=15177 nmethods=14439 adapters=649
 compilation: enabled
              stopped_count=0, restarted_count=0
 full_count=0

Compilation events (20 events):
Event: 51944.543 Thread 0x00000160bc108d60 18349       3       org.springframework.boot.autoconfigure.condition.AbstractNestedCondition$MemberOutcomes::getUltimateOutcome (182 bytes)
Event: 51944.549 Thread 0x00000160bc108d60 nmethod 18349 0x00000160a6f7de90 code [0x00000160a6f7e440, 0x00000160a6f81478]
Event: 51944.549 Thread 0x00000160bc108d60 18350       3       org.springframework.boot.autoconfigure.condition.ConditionOutcome::getMessage (22 bytes)
Event: 51944.550 Thread 0x00000160bc108d60 nmethod 18350 0x00000160a5c4a390 code [0x00000160a5c4a560, 0x00000160a5c4a9f8]
Event: 51944.565 Thread 0x00000160bc108d60 18352       3       org.springframework.context.annotation.ConfigurationClassEnhancer$BeanFactoryAwareMethodInterceptor::isSetBeanFactory (49 bytes)
Event: 51944.565 Thread 0x00000160bc108d60 nmethod 18352 0x00000160a631b210 code [0x00000160a631b400, 0x00000160a631b968]
Event: 51944.568 Thread 0x00000160bc108d60 18353       3       java.lang.invoke.MethodHandles$Lookup::<init> (9 bytes)
Event: 51944.569 Thread 0x00000160bc108d60 nmethod 18353 0x00000160a616c110 code [0x00000160a616c2c0, 0x00000160a616c408]
Event: 51944.572 Thread 0x00000160bc108d60 18354       3       org.springframework.asm.MethodWriter::computeAllFrames (510 bytes)
Event: 51944.577 Thread 0x00000160bc108d60 nmethod 18354 0x00000160a61cb790 code [0x00000160a61cbae0, 0x00000160a61ccf48]
Event: 51944.577 Thread 0x00000160bc108d60 18356       3       org.springframework.cglib.core.AbstractClassGenerator::<init> (31 bytes)
Event: 51944.578 Thread 0x00000160bc108d60 nmethod 18356 0x00000160a62d9290 code [0x00000160a62d9440, 0x00000160a62d96d8]
Event: 51944.579 Thread 0x00000160bc108d60 18355       3       java.lang.invoke.MethodHandles::lookup (11 bytes)
Event: 51944.579 Thread 0x00000160bc108d60 nmethod 18355 0x00000160a6427310 code [0x00000160a64274c0, 0x00000160a64276f8]
Event: 51944.611 Thread 0x00000160bc108d60 18358       3       org.springframework.boot.context.properties.bind.JavaBeanBinder$Bean$$Lambda$425/0x00000160be1c1640::get (12 bytes)
Event: 51944.612 Thread 0x00000160bc108d60 nmethod 18358 0x00000160a5d6bc10 code [0x00000160a5d6bde0, 0x00000160a5d6c138]
Event: 51944.612 Thread 0x00000160bc108d60 18360   !   3       org.springframework.boot.context.properties.bind.JavaBeanBinder$BeanProperty::setValue (70 bytes)
Event: 51944.615 Thread 0x00000160bc108d60 nmethod 18360 0x00000160a6202290 code [0x00000160a6202560, 0x00000160a62035c8]
Event: 51944.615 Thread 0x00000160bc108d60 18359       3       org.springframework.boot.context.properties.bind.JavaBeanBinder$Bean::lambda$getSupplier$0 (33 bytes)
Event: 51944.616 Thread 0x00000160bc108d60 nmethod 18359 0x00000160a6058a90 code [0x00000160a6058c40, 0x00000160a6058f18]

GC Heap History (20 events):
Event: 50673.817 GC heap before
{Heap before GC invocations=261 (full 11):
 garbage-first heap   total 184320K, used 162134K [0x000000008a400000, 0x0000000100000000)
  region size 1024K, 108 young (110592K), 1 survivors (1024K)
 Metaspace       used 106550K, committed 111680K, reserved 1179648K
  class space    used 14086K, committed 15040K, reserved 1048576K
}
Event: 50673.819 GC heap after
{Heap after GC invocations=262 (full 11):
 garbage-first heap   total 184320K, used 52548K [0x000000008a400000, 0x0000000100000000)
  region size 1024K, 1 young (1024K), 1 survivors (1024K)
 Metaspace       used 106550K, committed 111680K, reserved 1179648K
  class space    used 14086K, committed 15040K, reserved 1048576K
}
Event: 50696.351 GC heap before
{Heap before GC invocations=262 (full 11):
 garbage-first heap   total 184320K, used 60740K [0x000000008a400000, 0x0000000100000000)
  region size 1024K, 9 young (9216K), 1 survivors (1024K)
 Metaspace       used 106550K, committed 111680K, reserved 1179648K
  class space    used 14086K, committed 15040K, reserved 1048576K
}
Event: 50696.362 GC heap after
{Heap after GC invocations=263 (full 11):
 garbage-first heap   total 184320K, used 52562K [0x000000008a400000, 0x0000000100000000)
  region size 1024K, 1 young (1024K), 1 survivors (1024K)
 Metaspace       used 106550K, committed 111680K, reserved 1179648K
  class space    used 14086K, committed 15040K, reserved 1048576K
}
Event: 51001.922 GC heap before
{Heap before GC invocations=263 (full 11):
 garbage-first heap   total 184320K, used 162130K [0x000000008a400000, 0x0000000100000000)
  region size 1024K, 108 young (110592K), 1 survivors (1024K)
 Metaspace       used 106550K, committed 111680K, reserved 1179648K
  class space    used 14086K, committed 15040K, reserved 1048576K
}
Event: 51001.934 GC heap after
{Heap after GC invocations=264 (full 11):
 garbage-first heap   total 184320K, used 52591K [0x000000008a400000, 0x0000000100000000)
  region size 1024K, 1 young (1024K), 1 survivors (1024K)
 Metaspace       used 106550K, committed 111680K, reserved 1179648K
  class space    used 14086K, committed 15040K, reserved 1048576K
}
Event: 51307.477 GC heap before
{Heap before GC invocations=265 (full 11):
 garbage-first heap   total 184320K, used 162159K [0x000000008a400000, 0x0000000100000000)
  region size 1024K, 108 young (110592K), 1 survivors (1024K)
 Metaspace       used 106550K, committed 111680K, reserved 1179648K
  class space    used 14086K, committed 15040K, reserved 1048576K
}
Event: 51307.481 GC heap after
{Heap after GC invocations=266 (full 11):
 garbage-first heap   total 184320K, used 52547K [0x000000008a400000, 0x0000000100000000)
  region size 1024K, 1 young (1024K), 1 survivors (1024K)
 Metaspace       used 106550K, committed 111680K, reserved 1179648K
  class space    used 14086K, committed 15040K, reserved 1048576K
}
Event: 51329.867 GC heap before
{Heap before GC invocations=266 (full 11):
 garbage-first heap   total 184320K, used 60739K [0x000000008a400000, 0x0000000100000000)
  region size 1024K, 9 young (9216K), 1 survivors (1024K)
 Metaspace       used 106550K, committed 111680K, reserved 1179648K
  class space    used 14086K, committed 15040K, reserved 1048576K
}
Event: 51329.871 GC heap after
{Heap after GC invocations=267 (full 11):
 garbage-first heap   total 184320K, used 52584K [0x000000008a400000, 0x0000000100000000)
  region size 1024K, 1 young (1024K), 1 survivors (1024K)
 Metaspace       used 106550K, committed 111680K, reserved 1179648K
  class space    used 14086K, committed 15040K, reserved 1048576K
}
Event: 51535.989 GC heap before
{Heap before GC invocations=267 (full 11):
 garbage-first heap   total 184320K, used 162152K [0x000000008a400000, 0x0000000100000000)
  region size 1024K, 108 young (110592K), 1 survivors (1024K)
 Metaspace       used 106648K, committed 111680K, reserved 1179648K
  class space    used 14095K, committed 15040K, reserved 1048576K
}
Event: 51536.078 GC heap after
{Heap after GC invocations=268 (full 11):
 garbage-first heap   total 184320K, used 56614K [0x000000008a400000, 0x0000000100000000)
  region size 1024K, 4 young (4096K), 4 survivors (4096K)
 Metaspace       used 106648K, committed 111680K, reserved 1179648K
  class space    used 14095K, committed 15040K, reserved 1048576K
}
Event: 51837.444 GC heap before
{Heap before GC invocations=269 (full 11):
 garbage-first heap   total 184320K, used 159014K [0x000000008a400000, 0x0000000100000000)
  region size 1024K, 105 young (107520K), 4 survivors (4096K)
 Metaspace       used 107307K, committed 111744K, reserved 1179648K
  class space    used 14169K, committed 15040K, reserved 1048576K
}
Event: 51837.500 GC heap after
{Heap after GC invocations=270 (full 11):
 garbage-first heap   total 184320K, used 57203K [0x000000008a400000, 0x0000000100000000)
  region size 1024K, 5 young (5120K), 5 survivors (5120K)
 Metaspace       used 107307K, committed 111744K, reserved 1179648K
  class space    used 14169K, committed 15040K, reserved 1048576K
}
Event: 51878.739 GC heap before
{Heap before GC invocations=270 (full 11):
 garbage-first heap   total 184320K, used 156531K [0x000000008a400000, 0x0000000100000000)
  region size 1024K, 103 young (105472K), 5 survivors (5120K)
 Metaspace       used 107789K, committed 111744K, reserved 1179648K
  class space    used 14226K, committed 15040K, reserved 1048576K
}
Event: 51878.765 GC heap after
{Heap after GC invocations=271 (full 11):
 garbage-first heap   total 184320K, used 62388K [0x000000008a400000, 0x0000000100000000)
  region size 1024K, 10 young (10240K), 10 survivors (10240K)
 Metaspace       used 107789K, committed 111744K, reserved 1179648K
  class space    used 14226K, committed 15040K, reserved 1048576K
}
Event: 51940.913 GC heap before
{Heap before GC invocations=272 (full 11):
 garbage-first heap   total 184320K, used 149428K [0x000000008a400000, 0x0000000100000000)
  region size 1024K, 99 young (101376K), 10 survivors (10240K)
 Metaspace       used 108323K, committed 111744K, reserved 1179648K
  class space    used 14272K, committed 15040K, reserved 1048576K
}
Event: 51941.014 GC heap after
{Heap after GC invocations=273 (full 11):
 garbage-first heap   total 184320K, used 60227K [0x000000008a400000, 0x0000000100000000)
  region size 1024K, 9 young (9216K), 9 survivors (9216K)
 Metaspace       used 108323K, committed 111744K, reserved 1179648K
  class space    used 14272K, committed 15040K, reserved 1048576K
}
Event: 51941.052 GC heap before
{Heap before GC invocations=273 (full 11):
 garbage-first heap   total 184320K, used 61251K [0x000000008a400000, 0x0000000100000000)
  region size 1024K, 10 young (10240K), 9 survivors (9216K)
 Metaspace       used 108323K, committed 111744K, reserved 1179648K
  class space    used 14272K, committed 15040K, reserved 1048576K
}
Event: 51941.102 GC heap after
{Heap after GC invocations=274 (full 11):
 garbage-first heap   total 184320K, used 57414K [0x000000008a400000, 0x0000000100000000)
  region size 1024K, 2 young (2048K), 2 survivors (2048K)
 Metaspace       used 108323K, committed 111744K, reserved 1179648K
  class space    used 14272K, committed 15040K, reserved 1048576K
}

Deoptimization events (20 events):
Event: 51537.276 Thread 0x0000016084ed2c00 Uncommon trap: trap_request=0xffffffd6 fr.pc=0x00000160ae294bdc relative=0x00000000000018fc
Event: 51537.276 Thread 0x0000016084ed2c00 Uncommon trap: reason=array_check action=maybe_recompile pc=0x00000160ae294bdc method=java.util.TimSort.reverseRange([Ljava/lang/Object;II)V @ 20 c2
Event: 51537.276 Thread 0x0000016084ed2c00 DEOPT PACKING pc=0x00000160ae294bdc sp=0x000000116e5fb960
Event: 51537.276 Thread 0x0000016084ed2c00 DEOPT UNPACKING pc=0x00000160acfa23a3 sp=0x000000116e5fb818 mode 2
Event: 51802.476 Thread 0x0000016084062a90 Uncommon trap: trap_request=0xffffffd6 fr.pc=0x00000160ae2b35b0 relative=0x0000000000001ad0
Event: 51802.478 Thread 0x0000016084062a90 Uncommon trap: reason=array_check action=maybe_recompile pc=0x00000160ae2b35b0 method=java.util.TimSort.reverseRange([Ljava/lang/Object;II)V @ 27 c2
Event: 51802.478 Thread 0x0000016084062a90 DEOPT PACKING pc=0x00000160ae2b35b0 sp=0x0000001170cfd7e0
Event: 51802.479 Thread 0x0000016084062a90 DEOPT UNPACKING pc=0x00000160acfa23a3 sp=0x0000001170cfd6a8 mode 2
Event: 51802.518 Thread 0x0000016084062a90 Uncommon trap: trap_request=0xffffffd6 fr.pc=0x00000160ae2b35b0 relative=0x0000000000001ad0
Event: 51802.518 Thread 0x0000016084062a90 Uncommon trap: reason=array_check action=maybe_recompile pc=0x00000160ae2b35b0 method=java.util.TimSort.reverseRange([Ljava/lang/Object;II)V @ 27 c2
Event: 51802.518 Thread 0x0000016084062a90 DEOPT PACKING pc=0x00000160ae2b35b0 sp=0x0000001170cfd080
Event: 51802.519 Thread 0x0000016084062a90 DEOPT UNPACKING pc=0x00000160acfa23a3 sp=0x0000001170cfcf48 mode 2
Event: 51804.443 Thread 0x0000016084062a90 Uncommon trap: trap_request=0xfffffff4 fr.pc=0x00000160ae2a6078 relative=0x0000000000003038
Event: 51804.443 Thread 0x0000016084062a90 Uncommon trap: reason=null_check action=make_not_entrant pc=0x00000160ae2a6078 method=org.springframework.boot.context.properties.bind.Binder.getAggregateBinder(Lorg/springframework/boot/context/properties/bind/Bindable;Lorg/springframework/boot/context/p
Event: 51804.444 Thread 0x0000016084062a90 DEOPT PACKING pc=0x00000160ae2a6078 sp=0x0000001170cf9f70
Event: 51804.445 Thread 0x0000016084062a90 DEOPT UNPACKING pc=0x00000160acfa23a3 sp=0x0000001170cf9ef8 mode 2
Event: 51877.764 Thread 0x0000016084062a90 Uncommon trap: trap_request=0xfffffff4 fr.pc=0x00000160ae2ee070 relative=0x00000000000031b0
Event: 51877.764 Thread 0x0000016084062a90 Uncommon trap: reason=null_check action=make_not_entrant pc=0x00000160ae2ee070 method=org.springframework.boot.context.properties.bind.Binder.getAggregateBinder(Lorg/springframework/boot/context/properties/bind/Bindable;Lorg/springframework/boot/context/p
Event: 51877.764 Thread 0x0000016084062a90 DEOPT PACKING pc=0x00000160ae2ee070 sp=0x0000001170ef9d00
Event: 51877.764 Thread 0x0000016084062a90 DEOPT UNPACKING pc=0x00000160acfa23a3 sp=0x0000001170ef9c88 mode 2

Classes unloaded (20 events):
Event: 7471.175 Thread 0x00000160bc0d8f60 Unloading class 0x00000160becf2af0 'com/profolio/backend/repository/CvEducationRepository'
Event: 7471.175 Thread 0x00000160bc0d8f60 Unloading class 0x00000160becf2850 'com/profolio/backend/entity/ContactMessage'
Event: 7471.175 Thread 0x00000160bc0d8f60 Unloading class 0x00000160becf2658 'com/profolio/backend/repository/ContactMessageRepository'
Event: 7471.175 Thread 0x00000160bc0d8f60 Unloading class 0x00000160becf2420 'com/profolio/backend/service/impl/AuthServiceImpl'
Event: 7471.175 Thread 0x00000160bc0d8f60 Unloading class 0x00000160becf2228 'com/profolio/backend/service/AuthService'
Event: 7471.175 Thread 0x00000160bc0d8f60 Unloading class 0x00000160becf2000 'com/profolio/backend/security/services/UserDetailsServiceImpl'
Event: 7471.175 Thread 0x00000160bc0d8f60 Unloading class 0x00000160becf1bf8 'com/profolio/backend/security/SecurityConfig'
Event: 7471.175 Thread 0x00000160bc0d8f60 Unloading class 0x00000160becf19d8 'com/profolio/backend/security/jwt/JwtTokenProvider'
Event: 7471.175 Thread 0x00000160bc0d8f60 Unloading class 0x00000160becf1670 'com/profolio/backend/security/jwt/JwtAuthenticationFilter'
Event: 7471.175 Thread 0x00000160bc0d8f60 Unloading class 0x00000160becf1450 'com/profolio/backend/security/jwt/JwtAuthenticationEntryPoint'
Event: 7471.175 Thread 0x00000160bc0d8f60 Unloading class 0x00000160becf1230 'com/profolio/backend/security/jwt/JwtAccessDeniedHandler'
Event: 7471.175 Thread 0x00000160bc0d8f60 Unloading class 0x00000160becf1000 'com/profolio/backend/exception/GlobalExceptionHandler'
Event: 7471.175 Thread 0x00000160bc0d8f60 Unloading class 0x00000160becf0c28 'com/profolio/backend/controller/AuthController'
Event: 7471.175 Thread 0x00000160bc0d8f60 Unloading class 0x00000160becf0a00 'com/profolio/backend/config/DataInitializer'
Event: 7471.175 Thread 0x00000160bc0d8f60 Unloading class 0x00000160becf0800 'com/profolio/backend/BackendApplication'
Event: 7471.175 Thread 0x00000160bc0d8f60 Unloading class 0x00000160be410400 'jdk/internal/reflect/GeneratedConstructorAccessor13'
Event: 7471.175 Thread 0x00000160bc0d8f60 Unloading class 0x00000160be3dc000 'jdk/internal/reflect/GeneratedConstructorAccessor9'
Event: 7471.175 Thread 0x00000160bc0d8f60 Unloading class 0x00000160be3d1c00 'jdk/internal/reflect/GeneratedConstructorAccessor8'
Event: 7471.175 Thread 0x00000160bc0d8f60 Unloading class 0x00000160be3d1800 'jdk/internal/reflect/GeneratedConstructorAccessor7'
Event: 7471.175 Thread 0x00000160bc0d8f60 Unloading class 0x00000160be3bc000 'jdk/internal/reflect/GeneratedConstructorAccessor6'

Classes redefined (0 events):
No events

Internal exceptions (20 events):
Event: 51879.633 Thread 0x0000016084062a90 Exception <a 'java/lang/reflect/InvocationTargetException'{0x00000000941a8630}> (0x00000000941a8630) 
thrown [s\open\src\hotspot\share\runtime\reflection.cpp, line 1121]
Event: 51879.633 Thread 0x0000016084062a90 Exception <a 'java/lang/reflect/InvocationTargetException'{0x00000000941ab498}> (0x00000000941ab498) 
thrown [s\open\src\hotspot\share\runtime\reflection.cpp, line 1121]
Event: 51879.645 Thread 0x00000160883a4b70 Exception <a 'java/lang/InterruptedException'{0x000000009404fa48}: sleep interrupted> (0x000000009404fa48) 
thrown [s\open\src\hotspot\share\prims\jvm.cpp, line 3064]
Event: 51879.646 Thread 0x0000016084062a90 Exception <a 'sun/nio/fs/WindowsException'{0x00000000941d7978}> (0x00000000941d7978) 
thrown [s\open\src\hotspot\share\prims\jni.cpp, line 516]
Event: 51879.649 Thread 0x0000016084062a90 Exception <a 'sun/nio/fs/WindowsException'{0x00000000941dac60}> (0x00000000941dac60) 
thrown [s\open\src\hotspot\share\prims\jni.cpp, line 516]
Event: 51879.664 Thread 0x0000016084062a90 Exception <a 'java/lang/reflect/InvocationTargetException'{0x00000000940fc350}> (0x00000000940fc350) 
thrown [s\open\src\hotspot\share\runtime\reflection.cpp, line 1121]
Event: 51939.744 Thread 0x00000160883a3c40 Exception <a 'sun/nio/fs/WindowsException'{0x0000000091befe30}> (0x0000000091befe30) 
thrown [s\open\src\hotspot\share\prims\jni.cpp, line 516]
Event: 51939.917 Thread 0x00000160883a3c40 Exception <a 'sun/nio/fs/WindowsException'{0x00000000919d1c88}> (0x00000000919d1c88) 
thrown [s\open\src\hotspot\share\prims\jni.cpp, line 516]
Event: 51940.658 Thread 0x00000160883a3c40 Exception <a 'sun/nio/fs/WindowsException'{0x000000009000f110}> (0x000000009000f110) 
thrown [s\open\src\hotspot\share\prims\jni.cpp, line 516]
Event: 51940.842 Thread 0x00000160883a3c40 Exception <a 'sun/nio/fs/WindowsException'{0x000000008ff53068}> (0x000000008ff53068) 
thrown [s\open\src\hotspot\share\prims\jni.cpp, line 516]
Event: 51941.348 Thread 0x00000160883a3c40 Exception <a 'sun/nio/fs/WindowsException'{0x000000009475ec58}> (0x000000009475ec58) 
thrown [s\open\src\hotspot\share\prims\jni.cpp, line 516]
Event: 51941.366 Thread 0x00000160883a3c40 Exception <a 'java/io/FileNotFoundException'{0x000000009479e1f8}> (0x000000009479e1f8) 
thrown [s\open\src\hotspot\share\prims\jni.cpp, line 516]
Event: 51941.417 Thread 0x00000160883a3c40 Exception <a 'java/io/FileNotFoundException'{0x00000000945dede0}> (0x00000000945dede0) 
thrown [s\open\src\hotspot\share\prims\jni.cpp, line 516]
Event: 51941.427 Thread 0x00000160883a3c40 Exception <a 'sun/nio/fs/WindowsException'{0x00000000945f3788}> (0x00000000945f3788) 
thrown [s\open\src\hotspot\share\prims\jni.cpp, line 516]
Event: 51941.429 Thread 0x00000160883a3c40 Exception <a 'sun/nio/fs/WindowsException'{0x00000000945f6a70}> (0x00000000945f6a70) 
thrown [s\open\src\hotspot\share\prims\jni.cpp, line 516]
Event: 51941.446 Thread 0x00000160883a3c40 Exception <a 'java/lang/reflect/InvocationTargetException'{0x00000000944c3088}> (0x00000000944c3088) 
thrown [s\open\src\hotspot\share\runtime\reflection.cpp, line 1121]
Event: 51944.018 Thread 0x0000016084062a90 Exception <a 'sun/nio/fs/WindowsException'{0x00000000941448f8}> (0x00000000941448f8) 
thrown [s\open\src\hotspot\share\prims\jni.cpp, line 516]
Event: 51944.058 Thread 0x0000016084062a90 Exception <a 'sun/nio/fs/WindowsException'{0x0000000093f4a0c8}> (0x0000000093f4a0c8) 
thrown [s\open\src\hotspot\share\prims\jni.cpp, line 516]
Event: 51944.394 Thread 0x0000016084062a90 Exception <a 'sun/nio/fs/WindowsException'{0x00000000928a89f8}> (0x00000000928a89f8) 
thrown [s\open\src\hotspot\share\prims\jni.cpp, line 516]
Event: 51944.469 Thread 0x0000016084062a90 Exception <a 'sun/nio/fs/WindowsException'{0x00000000927ec608}> (0x00000000927ec608) 
thrown [s\open\src\hotspot\share\prims\jni.cpp, line 516]

VM Operations (20 events):
Event: 51878.803 Executing VM operation: HandshakeAllThreads done
Event: 51878.910 Executing VM operation: G1Concurrent
Event: 51878.924 Executing VM operation: G1Concurrent done
Event: 51878.950 Executing VM operation: G1Concurrent
Event: 51878.950 Executing VM operation: G1Concurrent done
Event: 51879.954 Executing VM operation: Cleanup
Event: 51879.954 Executing VM operation: Cleanup done
Event: 51896.937 Executing VM operation: HandshakeAllThreads
Event: 51896.937 Executing VM operation: HandshakeAllThreads done
Event: 51940.358 Executing VM operation: Cleanup
Event: 51940.358 Executing VM operation: Cleanup done
Event: 51940.880 Executing VM operation: G1CollectForAllocation
Event: 51941.014 Executing VM operation: G1CollectForAllocation done
Event: 51941.051 Executing VM operation: G1CollectForAllocation
Event: 51941.102 Executing VM operation: G1CollectForAllocation done
Event: 51942.110 Executing VM operation: Cleanup
Event: 51942.111 Executing VM operation: Cleanup done
Event: 51944.127 Executing VM operation: Cleanup
Event: 51944.127 Executing VM operation: Cleanup done
Event: 51945.129 Executing VM operation: Cleanup

Events (20 events):
Event: 51879.637 Thread 0x0000016087b4fa40 Thread exited: 0x0000016087b4fa40
Event: 51879.637 Thread 0x00000160883a3c40 Thread exited: 0x00000160883a3c40
Event: 51879.640 Thread 0x00000160883a3220 Thread exited: 0x00000160883a3220
Event: 51879.645 Thread 0x00000160883a3730 Thread exited: 0x00000160883a3730
Event: 51879.645 Thread 0x00000160883a4660 Thread exited: 0x00000160883a4660
Event: 51879.646 Thread 0x00000160883a4b70 Thread exited: 0x00000160883a4b70
Event: 51879.664 Thread 0x0000016084062a90 Thread exited: 0x0000016084062a90
Event: 51879.664 Thread 0x00000160ff2e7b10 Thread added: 0x00000160ff2e7b10
Event: 51939.554 Thread 0x00000160883a3c40 Thread added: 0x00000160883a3c40
Event: 51940.136 Thread 0x0000016087b4f530 Thread added: 0x0000016087b4f530
Event: 51940.161 Thread 0x0000016087b4f530 Thread exited: 0x0000016087b4f530
Event: 51941.419 Thread 0x0000016084c8b9c0 Thread added: 0x0000016084c8b9c0
Event: 51941.420 Thread 0x0000016084c8a070 Thread added: 0x0000016084c8a070
Event: 51941.426 Thread 0x0000016084c8b9c0 Thread exited: 0x0000016084c8b9c0
Event: 51941.426 Thread 0x0000016084c8a070 Thread exited: 0x0000016084c8a070
Event: 51941.446 Thread 0x00000160883a3c40 Thread exited: 0x00000160883a3c40
Event: 51941.447 Thread 0x00000160883a3730 Thread added: 0x00000160883a3730
Event: 51944.006 Thread 0x0000016084062a90 Thread added: 0x0000016084062a90
Event: 51944.196 Thread 0x00000160883a4660 Thread added: 0x00000160883a4660
Event: 51944.205 Thread 0x00000160883a4660 Thread exited: 0x00000160883a4660


Dynamic libraries:
0x00007ff771230000 - 0x00007ff771240000 	C:\Program Files\Java\jdk-17\bin\java.exe
0x00007ffb09240000 - 0x00007ffb094a6000 	C:\WINDOWS\SYSTEM32\ntdll.dll
0x00007ffb08840000 - 0x00007ffb08909000 	C:\WINDOWS\System32\KERNEL32.DLL
0x00007ffb06460000 - 0x00007ffb0685e000 	C:\WINDOWS\System32\KERNELBASE.dll
0x00007ffb06c70000 - 0x00007ffb06dbc000 	C:\WINDOWS\System32\ucrtbase.dll
0x00007ffaf5e90000 - 0x00007ffaf5eab000 	C:\Program Files\Java\jdk-17\bin\VCRUNTIME140.dll
0x00007ffaf5d50000 - 0x00007ffaf5d69000 	C:\Program Files\Java\jdk-17\bin\jli.dll
0x00007ffb09140000 - 0x00007ffb091f7000 	C:\WINDOWS\System32\ADVAPI32.dll
0x00007ffb08e70000 - 0x00007ffb08f19000 	C:\WINDOWS\System32\msvcrt.dll
0x00007ffb07c60000 - 0x00007ffb07d0a000 	C:\WINDOWS\System32\sechost.dll
0x00007ffb06f70000 - 0x00007ffb07088000 	C:\WINDOWS\System32\RPCRT4.dll
0x00007ffb08f70000 - 0x00007ffb09137000 	C:\WINDOWS\System32\USER32.dll
0x00007ffb05630000 - 0x00007ffb058c2000 	C:\WINDOWS\WinSxS\amd64_microsoft.windows.common-controls_6595b64144ccf1df_6.0.26100.8875_none_3e0d5d42e32fe9dd\COMCTL32.dll
0x00007ffb06f40000 - 0x00007ffb06f67000 	C:\WINDOWS\System32\win32u.dll
0x00007ffb08910000 - 0x00007ffb0893b000 	C:\WINDOWS\System32\GDI32.dll
0x00007ffb06a80000 - 0x00007ffb06baa000 	C:\WINDOWS\System32\gdi32full.dll
0x00007ffb06dd0000 - 0x00007ffb06e73000 	C:\WINDOWS\System32\msvcp_win.dll
0x00007ffb043a0000 - 0x00007ffb043ab000 	C:\WINDOWS\SYSTEM32\VERSION.dll
0x00007ffb08f30000 - 0x00007ffb08f62000 	C:\WINDOWS\System32\IMM32.DLL
0x00007ffaf5d40000 - 0x00007ffaf5d4c000 	C:\Program Files\Java\jdk-17\bin\vcruntime140_1.dll
0x00007ffa912b0000 - 0x00007ffa9133e000 	C:\Program Files\Java\jdk-17\bin\msvcp140.dll
0x00007ffa75d70000 - 0x00007ffa76950000 	C:\Program Files\Java\jdk-17\bin\server\jvm.dll
0x00007ffb08f20000 - 0x00007ffb08f28000 	C:\WINDOWS\System32\PSAPI.DLL
0x00007ffaeaed0000 - 0x00007ffaeaeda000 	C:\WINDOWS\SYSTEM32\WSOCK32.dll
0x00007ffafd200000 - 0x00007ffafd236000 	C:\WINDOWS\SYSTEM32\WINMM.dll
0x00007ffb07840000 - 0x00007ffb078c0000 	C:\WINDOWS\System32\WS2_32.dll
0x00007ffb04a90000 - 0x00007ffb04aab000 	C:\WINDOWS\SYSTEM32\kernel.appcore.dll
0x00007ffaf5d30000 - 0x00007ffaf5d3a000 	C:\Program Files\Java\jdk-17\bin\jimage.dll
0x00007ffb05c10000 - 0x00007ffb05e52000 	C:\WINDOWS\SYSTEM32\DBGHELP.DLL
0x00007ffb078d0000 - 0x00007ffb07c53000 	C:\WINDOWS\System32\combase.dll
0x00007ffb08940000 - 0x00007ffb08a19000 	C:\WINDOWS\System32\OLEAUT32.dll
0x00007ffb05ae0000 - 0x00007ffb05b1b000 	C:\WINDOWS\SYSTEM32\dbgcore.DLL
0x00007ffb06bb0000 - 0x00007ffb06c5c000 	C:\WINDOWS\System32\bcryptPrimitives.dll
0x00007ffaef0d0000 - 0x00007ffaef0f5000 	C:\Program Files\Java\jdk-17\bin\java.dll
0x00007ffa8c2b0000 - 0x00007ffa8c387000 	C:\Program Files\Java\jdk-17\bin\jsvml.dll
0x00007ffb07dc0000 - 0x00007ffb08552000 	C:\WINDOWS\System32\SHELL32.dll
0x00007ffb02d30000 - 0x00007ffb035c2000 	C:\WINDOWS\SYSTEM32\windows.storage.dll
0x00007ffb07620000 - 0x00007ffb07717000 	C:\WINDOWS\System32\SHCORE.dll
0x00007ffb08c10000 - 0x00007ffb08c77000 	C:\WINDOWS\System32\shlwapi.dll
0x00007ffb06380000 - 0x00007ffb063a9000 	C:\WINDOWS\SYSTEM32\profapi.dll
0x00007ffaf4880000 - 0x00007ffaf4899000 	C:\Program Files\Java\jdk-17\bin\net.dll
0x00007ffafddf0000 - 0x00007ffafdf17000 	C:\WINDOWS\SYSTEM32\WINHTTP.dll
0x00007ffb046d0000 - 0x00007ffb0473c000 	C:\WINDOWS\system32\mswsock.dll
0x00007ffaf0e00000 - 0x00007ffaf0e16000 	C:\Program Files\Java\jdk-17\bin\nio.dll
0x00007ffaef0b0000 - 0x00007ffaef0c8000 	C:\Program Files\Java\jdk-17\bin\zip.dll
0x00007ffaf5d20000 - 0x00007ffaf5d2a000 	C:\Program Files\Java\jdk-17\bin\management.dll
0x00007ffac7db0000 - 0x00007ffac7dbb000 	C:\Program Files\Java\jdk-17\bin\management_ext.dll
0x00007ffade630000 - 0x00007ffade648000 	C:\WINDOWS\system32\napinsp.dll
0x00007ffb03b10000 - 0x00007ffb03c66000 	C:\WINDOWS\SYSTEM32\DNSAPI.dll
0x00007ffb044d0000 - 0x00007ffb044dd000 	C:\WINDOWS\SYSTEM32\DSPARSE.dll
0x00007ffb03ad0000 - 0x00007ffb03b03000 	C:\WINDOWS\SYSTEM32\IPHLPAPI.DLL
0x00007ffb07830000 - 0x00007ffb0783a000 	C:\WINDOWS\System32\NSI.dll
0x00007ffade5e0000 - 0x00007ffade5f3000 	C:\WINDOWS\System32\winrnr.dll
0x00007ffadd5e0000 - 0x00007ffadd602000 	C:\WINDOWS\system32\nlansp_c.dll
0x00007ffadd5c0000 - 0x00007ffadd5d6000 	C:\WINDOWS\system32\wshbth.dll
0x00007ffb01cc0000 - 0x00007ffb01ccb000 	C:\Windows\System32\rasadhlp.dll
0x00007ffafd170000 - 0x00007ffafd1f6000 	C:\WINDOWS\System32\fwpuclnt.dll
0x00007ffb05f60000 - 0x00007ffb05f7b000 	C:\WINDOWS\SYSTEM32\CRYPTSP.dll
0x00007ffb04090000 - 0x00007ffb040c9000 	C:\WINDOWS\system32\rsaenh.dll
0x00007ffb04790000 - 0x00007ffb047c2000 	C:\WINDOWS\SYSTEM32\USERENV.dll
0x00007ffb06350000 - 0x00007ffb0637a000 	C:\WINDOWS\SYSTEM32\bcrypt.dll
0x00007ffb049d0000 - 0x00007ffb049dc000 	C:\WINDOWS\SYSTEM32\CRYPTBASE.dll
0x00007ffafe770000 - 0x00007ffafe78d000 	C:\WINDOWS\SYSTEM32\dhcpcsvc6.DLL
0x00007ffafd7e0000 - 0x00007ffafd805000 	C:\WINDOWS\SYSTEM32\dhcpcsvc.DLL
0x00007ffac7da0000 - 0x00007ffac7dae000 	C:\Program Files\Java\jdk-17\bin\sunmscapi.dll
0x00007ffb06870000 - 0x00007ffb069e8000 	C:\WINDOWS\System32\CRYPT32.dll
0x00007ffb05430000 - 0x00007ffb05460000 	C:\WINDOWS\SYSTEM32\ncrypt.dll
0x00007ffb054e0000 - 0x00007ffb0551f000 	C:\WINDOWS\SYSTEM32\NTASN1.dll
0x00007ffb05b30000 - 0x00007ffb05b38000 	C:\WINDOWS\system32\wshunix.dll

dbghelp: loaded successfully - version: 4.0.5 - missing functions: none
symbol engine: initialized successfully - sym options: 0x614 - pdb path: .;C:\Program Files\Java\jdk-17\bin;C:\WINDOWS\SYSTEM32;C:\WINDOWS\WinSxS\amd64_microsoft.windows.common-controls_6595b64144ccf1df_6.0.26100.8875_none_3e0d5d42e32fe9dd;C:\Program Files\Java\jdk-17\bin\server

VM Arguments:
jvm_args: -Dcom.sun.management.jmxremote -Dcom.sun.management.jmxremote.port=41428 -Dcom.sun.management.jmxremote.authenticate=false -Dcom.sun.management.jmxremote.ssl=false -Dspring.jmx.enabled=true -Djava.rmi.server.hostname=localhost -Dspring.application.admin.enabled=true -Dspring.boot.project.name=backend -XX:+ShowCodeDetailsInExceptionMessages 
java_command: com.profolio.backend.BackendApplication
java_class_path (initial): C:\xampp\htdocs\profolio\backend\backend\target\classes;C:\Users\srmos\.m2\repository\org\springframework\boot\spring-boot-starter-webmvc\4.1.0\spring-boot-starter-webmvc-4.1.0.jar;C:\Users\srmos\.m2\repository\org\springframework\boot\spring-boot-starter\4.1.0\spring-boot-starter-4.1.0.jar;C:\Users\srmos\.m2\repository\org\springframework\boot\spring-boot-starter-logging\4.1.0\spring-boot-starter-logging-4.1.0.jar;C:\Users\srmos\.m2\repository\ch\qos\logback\logback-classic\1.5.34\logback-classic-1.5.34.jar;C:\Users\srmos\.m2\repository\ch\qos\logback\logback-core\1.5.34\logback-core-1.5.34.jar;C:\Users\srmos\.m2\repository\org\apache\logging\log4j\log4j-to-slf4j\2.25.4\log4j-to-slf4j-2.25.4.jar;C:\Users\srmos\.m2\repository\org\apache\logging\log4j\log4j-api\2.25.4\log4j-api-2.25.4.jar;C:\Users\srmos\.m2\repository\org\slf4j\jul-to-slf4j\2.0.18\jul-to-slf4j-2.0.18.jar;C:\Users\srmos\.m2\repository\jakarta\annotation\jakarta.annotation-api\3.0.0\jakarta.annotation-api-3.0.0.jar;C:\Users\srmos\.m2\repository\org\yaml\snakeyaml\2.6\snakeyaml-2.6.jar;C:\Users\srmos\.m2\repository\org\springframework\boot\spring-boot-starter-jackson\4.1.0\spring-boot-starter-jackson-4.1.0.jar;C:\Users\srmos\.m2\repository\org\springframework\boot\spring-boot-jackson\4.1.0\spring-boot-jackson-4.1.0.jar;C:\Users\srmos\.m2\repository\tools\jackson\core\jackson-databind\3.1.4\jackson-databind-3.1.4.jar;C:\Users\srmos\.m2\repository\tools\jackson\core\jackson-core\3.1.4\jackson-core-3.1.4.jar;C:\Users\srmos\.m2\repository\org\springframework\boot\spring-boot-starter-tomcat\4.1.0\spring-boot-starter-tomcat-4.1.0.jar;C:\Users\srmos\.m2\repository\org\springframework\boot\spring-boot-starter-tomcat-runtime\4.1.0\spring-boot-starter-tomcat-runtime-4.1.0.jar;C:\Users\srmos\.m2\repository\org\springframework\boot\spring-boot-web-server\4.1.0\spring-boot-web-server-4.1.0.jar;C:\Users\srmos\.m2\repository\org\apache\tomcat\embed\tomcat-embed-core\11.0.22\tomcat-embed-co
Launcher Type: SUN_STANDARD

[Global flags]
     intx CICompilerCount                          = 4                                         {product} {ergonomic}
     uint ConcGCThreads                            = 3                                         {product} {ergonomic}
     uint G1ConcRefinementThreads                  = 10                                        {product} {ergonomic}
   size_t G1HeapRegionSize                         = 1048576                                   {product} {ergonomic}
    uintx GCDrainStackTargetSize                   = 64                                        {product} {ergonomic}
   size_t InitialHeapSize                          = 123731968                                 {product} {ergonomic}
     bool ManagementServer                         = true                                      {product} {command line}
   size_t MarkStackSize                            = 4194304                                   {product} {ergonomic}
   size_t MaxHeapSize                              = 1975517184                                {product} {ergonomic}
   size_t MaxNewSize                               = 1184890880                                {product} {ergonomic}
   size_t MinHeapDeltaBytes                        = 1048576                                   {product} {ergonomic}
   size_t MinHeapSize                              = 8388608                                   {product} {ergonomic}
    uintx NonNMethodCodeHeapSize                   = 5839372                                {pd product} {ergonomic}
    uintx NonProfiledCodeHeapSize                  = 122909434                              {pd product} {ergonomic}
    uintx ProfiledCodeHeapSize                     = 122909434                              {pd product} {ergonomic}
    uintx ReservedCodeCacheSize                    = 251658240                              {pd product} {ergonomic}
     bool SegmentedCodeCache                       = true                                      {product} {ergonomic}
     bool ShowCodeDetailsInExceptionMessages       = true                                   {manageable} {command line}
   size_t SoftMaxHeapSize                          = 1975517184                             {manageable} {ergonomic}
     bool UseCompressedClassPointers               = true                           {product lp64_product} {ergonomic}
     bool UseCompressedOops                        = true                           {product lp64_product} {ergonomic}
     bool UseG1GC                                  = true                                      {product} {ergonomic}
     bool UseLargePagesIndividualAllocation        = false                                  {pd product} {ergonomic}

Logging:
Log output configuration:
 #0: stdout all=warning uptime,level,tags
 #1: stderr all=off uptime,level,tags

Environment Variables:
JAVA_HOME=C:\Program Files\Java\jdk-26.0.1
PATH=C:\Program Files\Common Files\Oracle\Java\javapath;C:\WINDOWS\system32;C:\WINDOWS;C:\WINDOWS\System32\Wbem;C:\WINDOWS\System32\WindowsPowerShell\v1.0\;C:\WINDOWS\System32\OpenSSH\;C:\Users\srmos\AppData\Local\Android\Sdk\platform-tools;C:\Users\srmos\AppData\Local\Android\Sdk\emulator;C:\Users\srmos\AppData\Local\Android\Sdk\cmdline-tools\latest\bin;C:\Program Files\PostgreSQL\16\bin;C:\Program Files\PostgreSQL\17\bin;C:\MinGW\bin;C:\ghcup\bin;C:\OpenGL\bin;C:\Program Files\Git\cmd;C:\Program Files\Apache\Maven\apache-maven-3.9.15\bin;C:\Program Files\nodejs\;C:\Program Files\Java\jdk-26.0.1\bin;C:\Program Files\PuTTY\;C:\Program Files\MySQL\MySQL Shell 8.0\bin\;C:\Users\srmos\AppData\Local\Programs\Python\Python314\Scripts\;C:\Users\srmos\AppData\Local\Programs\Python\Python314\;C:\MinGW\bin;C:\Users\srmos\AppData\Local\Microsoft\WindowsApps;C:\ghcup\bin;C:\Users\srmos\AppData\Local\Programs\Microsoft VS Code\bin;C:\Program Files\MongoDB\Server\8.2\bin;C:\Program Files\MongoDB\mongosh-2.6.0-win32-x64\bin;C:\Program Files\MongoDB\mongodb-database-tools-windows-x86_64-100.14.1\bin;C:\Program Files\MongoDB\Server\8.0\bin;C:\Users\srmos\AppData\Local\Programs\Antigravity\bin;C:\Users\srmos\AppData\Local\Programs\Antigravity IDE\bin;C:\Users\srmos\AppData\Roaming\npm;C:\Program Files\Java\jdk-26.0.1\bin;C:\Users\srmos\AppData\Local\Kingsoft\WPS Office\12.1.0.27458\clitool;c:\Users\srmos\.antigravity-ide\extensions\vscjava.vscode-java-debug-0.59.0-universal\bundled\scripts\noConfigScripts
USERNAME=srmos
LANG=en_US.UTF-8
OS=Windows_NT
PROCESSOR_IDENTIFIER=AMD64 Family 23 Model 104 Stepping 1, AuthenticAMD



---------------  S Y S T E M  ---------------

OS:
 Windows 11 , 64 bit Build 26100 (10.0.26100.8875)
OS uptime: 3 days 12:24 hours
Hyper-V role detected

CPU: total 12 (initial active 12) (12 cores per cpu, 2 threads per core) family 23 model 104 stepping 1 microcode 0x8608102, cx8, cmov, fxsr, ht, mmx, 3dnowpref, sse, sse2, sse3, ssse3, sse4a, sse4.1, sse4.2, popcnt, lzcnt, tsc, tscinvbit, avx, avx2, aes, clmul, bmi1, bmi2, adx, sha, fma, vzeroupper, clflush, clflushopt, hv

Memory: 4k page, system-wide physical 7530M (243M free)
TotalPageFile size 31082M (AvailPageFile size 0M)
current process WorkingSet (physical memory assigned to process): 276M, peak: 495M
current process commit charge ("private bytes"): 521M, peak: 720M

vm_info: Java HotSpot(TM) 64-Bit Server VM (17.0.12+8-LTS-286) for windows-amd64 JRE (17.0.12+8-LTS-286), built on Jun  5 2024 06:46:59 by "mach5one" with MS VC++ 17.6 (VS2022)

END.
